// Jest Snapshot v1, https://goo.gl/fbAQLP

exports[`CloseButton component matches the rendered snapshot 1`] = `
<div
  className="close-button"
  onClick={[MockFunction]}
>
  <CloseIcon
    className=""
    fill="#000"
    opacity="1.0"
    viewBox="0 0 14 14"
    width="14px"
  />
</div>
`;

exports[`CloseIcon component matches the rendered snapshot 1`] = `
<svg
  className="svg-icon "
  fill="#000"
  height="14px"
  opacity="1.0"
  version="1.1"
  viewBox="0 0 14 14"
  width="14px"
  xmlns="http://www.w3.org/2000/svg"
>
  <path
    d="M14 1.41L12.59 0L7 5.59L1.41 0L0 1.41L5.59 7L0 12.59L1.41 14L7 8.41L12.59 14L14 12.59L8.41 7L14 1.41Z"
  />
</svg>
`;
